time="2026-08-20T11:16:50+03:00" level=warning msg="\"cli\" level configuration overrode scenarios configuration entirely"

         /\      Grafana   /‾‾/  
    /\  /  \     |\  __   /  /   
   /  \/    \    | |/ /  /   ‾‾\ 
  /          \   |   (  |  (‾)  |
 / __________ \  |_|\_\  \_____/ 


     execution: local
        script: load-tests/2203.js
        output: -

     scenarios: (100.00%) 1 scenario, 15 max VUs, 1m10s max duration (incl. graceful stop):
              * default: 15 looping VUs for 40s (gracefulStop: 30s)


running (0m01.0s), 15/15 VUs, 4 complete and 0 interrupted iterations
default   [   2% ] 15 VUs  01.0s/40s

running (0m02.0s), 15/15 VUs, 4 complete and 0 interrupted iterations
default   [   5% ] 15 VUs  02.0s/40s

running (0m03.0s), 15/15 VUs, 4 complete and 0 interrupted iterations
default   [   7% ] 15 VUs  03.0s/40s

running (0m04.0s), 15/15 VUs, 4 complete and 0 interrupted iterations
default   [  10% ] 15 VUs  04.0s/40s

running (0m05.0s), 15/15 VUs, 4 complete and 0 interrupted iterations
default   [  12% ] 15 VUs  05.0s/40s

running (0m06.0s), 15/15 VUs, 4 complete and 0 interrupted iterations
default   [  15% ] 15 VUs  06.0s/40s

running (0m07.0s), 15/15 VUs, 4 complete and 0 interrupted iterations
default   [  17% ] 15 VUs  07.0s/40s

running (0m08.0s), 15/15 VUs, 4 complete and 0 interrupted iterations
default   [  20% ] 15 VUs  08.0s/40s

running (0m09.0s), 15/15 VUs, 4 complete and 0 interrupted iterations
default   [  22% ] 15 VUs  09.0s/40s

running (0m10.0s), 15/15 VUs, 4 complete and 0 interrupted iterations
default   [  25% ] 15 VUs  10.0s/40s

running (0m11.0s), 15/15 VUs, 4 complete and 0 interrupted iterations
default   [  27% ] 15 VUs  11.0s/40s

running (0m12.0s), 15/15 VUs, 9 complete and 0 interrupted iterations
default   [  30% ] 15 VUs  12.0s/40s

running (0m13.0s), 15/15 VUs, 14 complete and 0 interrupted iterations
default   [  32% ] 15 VUs  13.0s/40s

running (0m14.0s), 15/15 VUs, 19 complete and 0 interrupted iterations
default   [  35% ] 15 VUs  14.0s/40s

running (0m15.0s), 15/15 VUs, 24 complete and 0 interrupted iterations
default   [  37% ] 15 VUs  15.0s/40s

running (0m16.0s), 15/15 VUs, 29 complete and 0 interrupted iterations
default   [  40% ] 15 VUs  16.0s/40s

running (0m17.0s), 15/15 VUs, 34 complete and 0 interrupted iterations
default   [  42% ] 15 VUs  17.0s/40s

running (0m18.0s), 15/15 VUs, 39 complete and 0 interrupted iterations
default   [  45% ] 15 VUs  18.0s/40s

running (0m19.0s), 15/15 VUs, 44 complete and 0 interrupted iterations
default   [  47% ] 15 VUs  19.0s/40s

running (0m20.0s), 15/15 VUs, 49 complete and 0 interrupted iterations
default   [  50% ] 15 VUs  20.0s/40s

running (0m21.0s), 15/15 VUs, 53 complete and 0 interrupted iterations
default   [  52% ] 15 VUs  21.0s/40s

running (0m22.0s), 15/15 VUs, 61 complete and 0 interrupted iterations
default   [  55% ] 15 VUs  22.0s/40s

running (0m23.0s), 15/15 VUs, 71 complete and 0 interrupted iterations
default   [  57% ] 15 VUs  23.0s/40s

running (0m24.0s), 15/15 VUs, 81 complete and 0 interrupted iterations
default   [  60% ] 15 VUs  24.0s/40s

running (0m25.0s), 15/15 VUs, 91 complete and 0 interrupted iterations
default   [  62% ] 15 VUs  25.0s/40s

running (0m26.0s), 15/15 VUs, 100 complete and 0 interrupted iterations
default   [  65% ] 15 VUs  26.0s/40s

running (0m27.0s), 15/15 VUs, 110 complete and 0 interrupted iterations
default   [  67% ] 15 VUs  27.0s/40s

running (0m28.0s), 15/15 VUs, 120 complete and 0 interrupted iterations
default   [  70% ] 15 VUs  28.0s/40s

running (0m29.0s), 15/15 VUs, 130 complete and 0 interrupted iterations
default   [  72% ] 15 VUs  29.0s/40s

running (0m30.0s), 15/15 VUs, 140 complete and 0 interrupted iterations
default   [  75% ] 15 VUs  30.0s/40s

running (0m31.0s), 15/15 VUs, 150 complete and 0 interrupted iterations
default   [  77% ] 15 VUs  31.0s/40s

running (0m32.0s), 15/15 VUs, 162 complete and 0 interrupted iterations
default   [  80% ] 15 VUs  32.0s/40s

running (0m33.0s), 15/15 VUs, 177 complete and 0 interrupted iterations
default   [  82% ] 15 VUs  33.0s/40s

running (0m34.0s), 15/15 VUs, 192 complete and 0 interrupted iterations
default   [  85% ] 15 VUs  34.0s/40s

running (0m35.0s), 15/15 VUs, 207 complete and 0 interrupted iterations
default   [  87% ] 15 VUs  35.0s/40s

running (0m36.0s), 15/15 VUs, 222 complete and 0 interrupted iterations
default   [  90% ] 15 VUs  36.0s/40s

running (0m37.0s), 15/15 VUs, 237 complete and 0 interrupted iterations
default   [  92% ] 15 VUs  37.0s/40s

running (0m38.0s), 15/15 VUs, 252 complete and 0 interrupted iterations
default   [  95% ] 15 VUs  38.0s/40s

running (0m39.0s), 15/15 VUs, 266 complete and 0 interrupted iterations
default   [  97% ] 15 VUs  39.0s/40s

running (0m40.0s), 15/15 VUs, 281 complete and 0 interrupted iterations
default   [ 100% ] 15 VUs  40.0s/40s

running (0m41.0s), 12/15 VUs, 285 complete and 0 interrupted iterations
default ↓ [ 100% ] 15 VUs  40s

running (0m42.0s), 11/15 VUs, 286 complete and 0 interrupted iterations
default ↓ [ 100% ] 15 VUs  40s

running (0m43.0s), 11/15 VUs, 286 complete and 0 interrupted iterations
default ↓ [ 100% ] 15 VUs  40s

running (0m44.0s), 11/15 VUs, 286 complete and 0 interrupted iterations
default ↓ [ 100% ] 15 VUs  40s

running (0m45.0s), 11/15 VUs, 286 complete and 0 interrupted iterations
default ↓ [ 100% ] 15 VUs  40s

running (0m46.0s), 11/15 VUs, 286 complete and 0 interrupted iterations
default ↓ [ 100% ] 15 VUs  40s

running (0m47.0s), 11/15 VUs, 286 complete and 0 interrupted iterations
default ↓ [ 100% ] 15 VUs  40s

running (0m48.0s), 11/15 VUs, 286 complete and 0 interrupted iterations
default ↓ [ 100% ] 15 VUs  40s

running (0m49.0s), 11/15 VUs, 286 complete and 0 interrupted iterations
default ↓ [ 100% ] 15 VUs  40s

running (0m50.0s), 11/15 VUs, 286 complete and 0 interrupted iterations
default ↓ [ 100% ] 15 VUs  40s

running (0m51.0s), 11/15 VUs, 286 complete and 0 interrupted iterations
default ↓ [ 100% ] 15 VUs  40s

running (0m52.0s), 11/15 VUs, 286 complete and 0 interrupted iterations
default ↓ [ 100% ] 15 VUs  40s

running (0m53.0s), 10/15 VUs, 287 complete and 0 interrupted iterations
default ↓ [ 100% ] 15 VUs  40s

running (0m54.0s), 10/15 VUs, 287 complete and 0 interrupted iterations
default ↓ [ 100% ] 15 VUs  40s

running (0m55.0s), 10/15 VUs, 287 complete and 0 interrupted iterations
default ↓ [ 100% ] 15 VUs  40s

running (0m56.0s), 10/15 VUs, 287 complete and 0 interrupted iterations
default ↓ [ 100% ] 15 VUs  40s

running (0m57.0s), 10/15 VUs, 287 complete and 0 interrupted iterations
default ↓ [ 100% ] 15 VUs  40s

running (0m58.0s), 10/15 VUs, 287 complete and 0 interrupted iterations
default ↓ [ 100% ] 15 VUs  40s

running (0m59.0s), 10/15 VUs, 287 complete and 0 interrupted iterations
default ↓ [ 100% ] 15 VUs  40s

running (1m00.0s), 10/15 VUs, 287 complete and 0 interrupted iterations
default ↓ [ 100% ] 15 VUs  40s
time="2026-08-20T11:17:50+03:00" level=warning msg="Request Failed" error="Post \"http://127.0.0.1:18080/tx/lock\": request timeout"
time="2026-08-20T11:17:50+03:00" level=warning msg="Request Failed" error="Post \"http://127.0.0.1:18080/tx/lock\": request timeout"
time="2026-08-20T11:17:50+03:00" level=warning msg="Request Failed" error="Post \"http://127.0.0.1:18080/tx/lock\": request timeout"
time="2026-08-20T11:17:50+03:00" level=warning msg="Request Failed" error="Post \"http://127.0.0.1:18080/tx/lock\": request timeout"
time="2026-08-20T11:17:50+03:00" level=warning msg="Request Failed" error="Post \"http://127.0.0.1:18080/tx/lock\": request timeout"
time="2026-08-20T11:17:50+03:00" level=warning msg="Request Failed" error="Post \"http://127.0.0.1:18080/tx/lock\": request timeout"
time="2026-08-20T11:17:51+03:00" level=warning msg="Request Failed" error="Post \"http://127.0.0.1:18080/tx/lock\": request timeout"
time="2026-08-20T11:17:51+03:00" level=warning msg="Request Failed" error="Post \"http://127.0.0.1:18080/tx/lock\": request timeout"
time="2026-08-20T11:17:51+03:00" level=warning msg="Request Failed" error="Post \"http://127.0.0.1:18080/tx/lock\": request timeout"
time="2026-08-20T11:17:51+03:00" level=warning msg="Request Failed" error="Post \"http://127.0.0.1:18080/tx/lock\": request timeout"

running (1m01.0s), 01/15 VUs, 296 complete and 0 interrupted iterations
default ↓ [ 100% ] 15 VUs  40s


  █ TOTAL RESULTS 

    checks_total.......: 297    4.871059/s
    checks_succeeded...: 3.03%  9 out of 297
    checks_failed......: 96.96% 288 out of 297

    ✗ lock path returned
      ↳  3% — ✓ 9 / ✗ 288

    HTTP
    http_req_duration..............: avg=2.55s  min=470.13µs med=680.15µs max=1m0s   p(90)=1.77ms   p(95)=2.62s 
      { expected_response:true }...: avg=31.49s min=10.87s   med=31.5s    max=52.04s p(90)=47.9s    p(95)=49.97s
    http_req_failed................: 98.31% 292 out of 297
    http_reqs......................: 297    4.871059/s

    EXECUTION
    iteration_duration.............: avg=2.75s  min=200.91ms med=201.72ms max=1m0s   p(90)=203.59ms p(95)=2.82s 
    iterations.....................: 297    4.871059/s
    vus............................: 1      min=1          max=15
    vus_max........................: 15     min=15         max=15

    NETWORK
    data_received..................: 106 kB 1.7 kB/s
    data_sent......................: 44 kB  721 B/s




running (1m01.0s), 00/15 VUs, 297 complete and 0 interrupted iterations
default ✓ [ 100% ] 15 VUs  40s
