
Terraform used the selected providers to generate the following execution
plan. Resource actions are indicated with the following symbols:
  [32m+[0m create[0m

Terraform will perform the following actions:

[1m  # module.data.aws_secretsmanager_secret.db[0m will be created
[0m  [32m+[0m[0m resource "aws_secretsmanager_secret" "db" {
      [32m+[0m[0m arn                            = (known after apply)
      [32m+[0m[0m force_overwrite_replica_secret = false
      [32m+[0m[0m id                             = (known after apply)
      [32m+[0m[0m name                           = "regional-health/service-b/db"
      [32m+[0m[0m name_prefix                    = (known after apply)
      [32m+[0m[0m policy                         = (known after apply)
      [32m+[0m[0m recovery_window_in_days        = 0
      [32m+[0m[0m tags                           = {
          [32m+[0m[0m "Service" = "service-b"
        }
      [32m+[0m[0m tags_all                       = {
          [32m+[0m[0m "Environment" = "localstack"
          [32m+[0m[0m "ManagedBy"   = "terraform"
          [32m+[0m[0m "Project"     = "regional-health"
          [32m+[0m[0m "Service"     = "service-b"
        }

      [32m+[0m[0m replica (known after apply)
    }

[1m  # module.data.aws_secretsmanager_secret_version.db[0m will be created
[0m  [32m+[0m[0m resource "aws_secretsmanager_secret_version" "db" {
      [32m+[0m[0m arn                  = (known after apply)
      [32m+[0m[0m has_secret_string_wo = (known after apply)
      [32m+[0m[0m id                   = (known after apply)
      [32m+[0m[0m secret_id            = (known after apply)
      [32m+[0m[0m secret_string        = (sensitive value)
      [32m+[0m[0m version_id           = (known after apply)
      [32m+[0m[0m version_stages       = (known after apply)
    }

[1mPlan:[0m 2 to add, 0 to change, 0 to destroy.
[0m
Changes to Outputs:
  [32m+[0m[0m db_endpoint   = "mysql-1a2eab65-warga-lab.d.aivencloud.com"
  [32m+[0m[0m db_name       = "defaultdb"
  [32m+[0m[0m db_port       = 18736
  [32m+[0m[0m db_username   = "avnadmin"
  [32m+[0m[0m patient_count = 10000
  [32m+[0m[0m secret_arn    = (known after apply)
[0m[1mmodule.data.aws_secretsmanager_secret.db: Creating...[0m[0m
[0m[1mmodule.data.aws_secretsmanager_secret.db: Creation complete after 1s [id=arn:aws:secretsmanager:us-east-1:000000000000:secret:regional-health/service-b/db-VzOfhH][0m
[0m[1mmodule.data.aws_secretsmanager_secret_version.db: Creating...[0m[0m
[0m[1mmodule.data.aws_secretsmanager_secret_version.db: Creation complete after 0s [id=arn:aws:secretsmanager:us-east-1:000000000000:secret:regional-health/service-b/db-VzOfhH|terraform-20260820075211552700000002][0m
[0m[1m[32m
Apply complete! Resources: 2 added, 0 changed, 0 destroyed.
[0m[0m[1m[32m
Outputs:

[0mdb_endpoint = "mysql-1a2eab65-warga-lab.d.aivencloud.com"
db_name = "defaultdb"
db_port = 18736
db_username = "avnadmin"
patient_count = 10000
secret_arn = "arn:aws:secretsmanager:us-east-1:000000000000:secret:regional-health/service-b/db-VzOfhH"
