[0m[1mmodule.data.aws_secretsmanager_secret.db: Refreshing state... [id=arn:aws:secretsmanager:us-east-1:000000000000:secret:regional-health/service-b/db-VzOfhH][0m
[0m[1mmodule.data.aws_secretsmanager_secret_version.db: Refreshing state... [id=arn:aws:secretsmanager:us-east-1:000000000000:secret:regional-health/service-b/db-VzOfhH|terraform-20260820075211552700000002][0m

Terraform used the selected providers to generate the following execution
plan. Resource actions are indicated with the following symbols:
  [31m-[0m destroy[0m

Terraform will perform the following actions:

[1m  # module.data.aws_secretsmanager_secret.db[0m will be [1m[31mdestroyed[0m
[0m  [31m-[0m[0m resource "aws_secretsmanager_secret" "db" {
      [31m-[0m[0m arn                            = "arn:aws:secretsmanager:us-east-1:000000000000:secret:regional-health/service-b/db-VzOfhH" [90m-> null[0m[0m
      [31m-[0m[0m force_overwrite_replica_secret = false [90m-> null[0m[0m
      [31m-[0m[0m id                             = "arn:aws:secretsmanager:us-east-1:000000000000:secret:regional-health/service-b/db-VzOfhH" [90m-> null[0m[0m
      [31m-[0m[0m name                           = "regional-health/service-b/db" [90m-> null[0m[0m
      [31m-[0m[0m recovery_window_in_days        = 0 [90m-> null[0m[0m
      [31m-[0m[0m tags                           = {
          [31m-[0m[0m "Service" = "service-b"
        } [90m-> null[0m[0m
      [31m-[0m[0m tags_all                       = {
          [31m-[0m[0m "Environment" = "localstack"
          [31m-[0m[0m "ManagedBy"   = "terraform"
          [31m-[0m[0m "Project"     = "regional-health"
          [31m-[0m[0m "Service"     = "service-b"
        } [90m-> null[0m[0m
        [90m# (4 unchanged attributes hidden)[0m[0m
    }

[1m  # module.data.aws_secretsmanager_secret_version.db[0m will be [1m[31mdestroyed[0m
[0m  [31m-[0m[0m resource "aws_secretsmanager_secret_version" "db" {
      [31m-[0m[0m arn            = "arn:aws:secretsmanager:us-east-1:000000000000:secret:regional-health/service-b/db-VzOfhH" [90m-> null[0m[0m
      [31m-[0m[0m id             = "arn:aws:secretsmanager:us-east-1:000000000000:secret:regional-health/service-b/db-VzOfhH|terraform-20260820075211552700000002" [90m-> null[0m[0m
      [31m-[0m[0m secret_id      = "arn:aws:secretsmanager:us-east-1:000000000000:secret:regional-health/service-b/db-VzOfhH" [90m-> null[0m[0m
      [31m-[0m[0m secret_string  = (sensitive value) [90m-> null[0m[0m
      [31m-[0m[0m version_id     = "terraform-20260820075211552700000002" [90m-> null[0m[0m
      [31m-[0m[0m version_stages = [] [90m-> null[0m[0m
        [90m# (1 unchanged attribute hidden)[0m[0m
    }

[1mPlan:[0m 0 to add, 0 to change, 2 to destroy.
[0m
Changes to Outputs:
  [31m-[0m[0m db_endpoint   = "mysql-1a2eab65-warga-lab.d.aivencloud.com" [90m-> null[0m[0m
  [31m-[0m[0m db_name       = "defaultdb" [90m-> null[0m[0m
  [31m-[0m[0m db_port       = 18736 [90m-> null[0m[0m
  [31m-[0m[0m db_username   = "avnadmin" [90m-> null[0m[0m
  [31m-[0m[0m patient_count = 10000 [90m-> null[0m[0m
  [31m-[0m[0m secret_arn    = "arn:aws:secretsmanager:us-east-1:000000000000:secret:regional-health/service-b/db-VzOfhH" [90m-> null[0m[0m
[0m[1mmodule.data.aws_secretsmanager_secret_version.db: Destroying... [id=arn:aws:secretsmanager:us-east-1:000000000000:secret:regional-health/service-b/db-VzOfhH|terraform-20260820075211552700000002][0m[0m
[0m[1mmodule.data.aws_secretsmanager_secret_version.db: Destruction complete after 0s[0m
[0m[1mmodule.data.aws_secretsmanager_secret.db: Destroying... [id=arn:aws:secretsmanager:us-east-1:000000000000:secret:regional-health/service-b/db-VzOfhH][0m[0m
[0m[1mmodule.data.aws_secretsmanager_secret.db: Destruction complete after 0s[0m
[0m[1m[32m
Destroy complete! Resources: 2 destroyed.
[0m