time="2026-08-20T11:29:18+03:00" level=warning msg="\"cli\" level configuration overrode scenarios configuration entirely"

         /\      Grafana   /‾‾/  
    /\  /  \     |\  __   /  /   
   /  \/    \    | |/ /  /   ‾‾\ 
  /          \   |   (  |  (‾)  |
 / __________ \  |_|\_\  \_____/ 


     execution: local
        script: load-tests/2202.js
        output: -

     scenarios: (100.00%) 1 scenario, 40 max VUs, 2m0s max duration (incl. graceful stop):
              * default: 40 looping VUs for 1m30s (gracefulStop: 30s)


running (0m01.0s), 40/40 VUs, 41 complete and 0 interrupted iterations
default   [   1% ] 40 VUs  0m01.0s/1m30s

running (0m02.0s), 40/40 VUs, 92 complete and 0 interrupted iterations
default   [   2% ] 40 VUs  0m02.0s/1m30s

running (0m03.0s), 40/40 VUs, 142 complete and 0 interrupted iterations
default   [   3% ] 40 VUs  0m03.0s/1m30s

running (0m04.0s), 40/40 VUs, 192 complete and 0 interrupted iterations
default   [   4% ] 40 VUs  0m04.0s/1m30s

running (0m05.0s), 40/40 VUs, 242 complete and 0 interrupted iterations
default   [   6% ] 40 VUs  0m05.0s/1m30s

running (0m06.0s), 40/40 VUs, 292 complete and 0 interrupted iterations
default   [   7% ] 40 VUs  0m06.0s/1m30s

running (0m07.0s), 40/40 VUs, 342 complete and 0 interrupted iterations
default   [   8% ] 40 VUs  0m07.0s/1m30s

running (0m08.0s), 40/40 VUs, 392 complete and 0 interrupted iterations
default   [   9% ] 40 VUs  0m08.0s/1m30s

running (0m09.0s), 40/40 VUs, 444 complete and 0 interrupted iterations
default   [  10% ] 40 VUs  0m09.0s/1m30s

running (0m10.0s), 40/40 VUs, 515 complete and 0 interrupted iterations
default   [  11% ] 40 VUs  0m10.0s/1m30s

running (0m11.0s), 40/40 VUs, 610 complete and 0 interrupted iterations
default   [  12% ] 40 VUs  0m11.0s/1m30s

running (0m12.0s), 40/40 VUs, 710 complete and 0 interrupted iterations
default   [  13% ] 40 VUs  0m12.0s/1m30s

running (0m13.0s), 40/40 VUs, 806 complete and 0 interrupted iterations
default   [  14% ] 40 VUs  0m13.0s/1m30s

running (0m14.0s), 40/40 VUs, 905 complete and 0 interrupted iterations
default   [  16% ] 40 VUs  0m14.0s/1m30s

running (0m15.0s), 40/40 VUs, 1005 complete and 0 interrupted iterations
default   [  17% ] 40 VUs  0m15.0s/1m30s

running (0m16.0s), 40/40 VUs, 1104 complete and 0 interrupted iterations
default   [  18% ] 40 VUs  0m16.0s/1m30s

running (0m17.0s), 40/40 VUs, 1206 complete and 0 interrupted iterations
default   [  19% ] 40 VUs  0m17.0s/1m30s

running (0m18.0s), 40/40 VUs, 1327 complete and 0 interrupted iterations
default   [  20% ] 40 VUs  0m18.0s/1m30s

running (0m19.0s), 40/40 VUs, 1476 complete and 0 interrupted iterations
default   [  21% ] 40 VUs  0m19.0s/1m30s

running (0m20.0s), 40/40 VUs, 1625 complete and 0 interrupted iterations
default   [  22% ] 40 VUs  0m20.0s/1m30s

running (0m21.0s), 40/40 VUs, 1774 complete and 0 interrupted iterations
default   [  23% ] 40 VUs  0m21.0s/1m30s

running (0m22.0s), 40/40 VUs, 1923 complete and 0 interrupted iterations
default   [  24% ] 40 VUs  0m22.0s/1m30s

running (0m23.0s), 40/40 VUs, 2070 complete and 0 interrupted iterations
default   [  26% ] 40 VUs  0m23.0s/1m30s

running (0m24.0s), 40/40 VUs, 2220 complete and 0 interrupted iterations
default   [  27% ] 40 VUs  0m24.0s/1m30s

running (0m25.0s), 40/40 VUs, 2311 complete and 0 interrupted iterations
default   [  28% ] 40 VUs  0m25.0s/1m30s

running (0m26.0s), 40/40 VUs, 2362 complete and 0 interrupted iterations
default   [  29% ] 40 VUs  0m26.0s/1m30s

running (0m27.0s), 40/40 VUs, 2412 complete and 0 interrupted iterations
default   [  30% ] 40 VUs  0m27.0s/1m30s

running (0m28.0s), 40/40 VUs, 2462 complete and 0 interrupted iterations
default   [  31% ] 40 VUs  0m28.0s/1m30s

running (0m29.0s), 40/40 VUs, 2511 complete and 0 interrupted iterations
default   [  32% ] 40 VUs  0m29.0s/1m30s

running (0m30.0s), 40/40 VUs, 2560 complete and 0 interrupted iterations
default   [  33% ] 40 VUs  0m30.0s/1m30s

running (0m31.0s), 40/40 VUs, 2609 complete and 0 interrupted iterations
default   [  34% ] 40 VUs  0m31.0s/1m30s

running (0m32.0s), 40/40 VUs, 2658 complete and 0 interrupted iterations
default   [  36% ] 40 VUs  0m32.0s/1m30s

running (0m33.0s), 40/40 VUs, 2711 complete and 0 interrupted iterations
default   [  37% ] 40 VUs  0m33.0s/1m30s

running (0m34.0s), 40/40 VUs, 2782 complete and 0 interrupted iterations
default   [  38% ] 40 VUs  0m34.0s/1m30s

running (0m35.0s), 40/40 VUs, 2881 complete and 0 interrupted iterations
default   [  39% ] 40 VUs  0m35.0s/1m30s

running (0m36.0s), 40/40 VUs, 2981 complete and 0 interrupted iterations
default   [  40% ] 40 VUs  0m36.0s/1m30s

running (0m37.0s), 40/40 VUs, 3077 complete and 0 interrupted iterations
default   [  41% ] 40 VUs  0m37.0s/1m30s

running (0m38.0s), 40/40 VUs, 3177 complete and 0 interrupted iterations
default   [  42% ] 40 VUs  0m38.0s/1m30s

running (0m39.0s), 40/40 VUs, 3274 complete and 0 interrupted iterations
default   [  43% ] 40 VUs  0m39.0s/1m30s

running (0m40.0s), 40/40 VUs, 3374 complete and 0 interrupted iterations
default   [  44% ] 40 VUs  0m40.0s/1m30s

running (0m41.0s), 40/40 VUs, 3477 complete and 0 interrupted iterations
default   [  46% ] 40 VUs  0m41.0s/1m30s

running (0m42.0s), 40/40 VUs, 3597 complete and 0 interrupted iterations
default   [  47% ] 40 VUs  0m42.0s/1m30s

running (0m43.0s), 40/40 VUs, 3747 complete and 0 interrupted iterations
default   [  48% ] 40 VUs  0m43.0s/1m30s

running (0m44.0s), 40/40 VUs, 3894 complete and 0 interrupted iterations
default   [  49% ] 40 VUs  0m44.0s/1m30s

running (0m45.0s), 40/40 VUs, 4043 complete and 0 interrupted iterations
default   [  50% ] 40 VUs  0m45.0s/1m30s

running (0m46.0s), 40/40 VUs, 4191 complete and 0 interrupted iterations
default   [  51% ] 40 VUs  0m46.0s/1m30s

running (0m47.0s), 40/40 VUs, 4338 complete and 0 interrupted iterations
default   [  52% ] 40 VUs  0m47.0s/1m30s

running (0m48.0s), 40/40 VUs, 4488 complete and 0 interrupted iterations
default   [  53% ] 40 VUs  0m48.0s/1m30s

running (0m49.0s), 40/40 VUs, 4610 complete and 0 interrupted iterations
default   [  54% ] 40 VUs  0m49.0s/1m30s

running (0m50.0s), 40/40 VUs, 4661 complete and 0 interrupted iterations
default   [  56% ] 40 VUs  0m50.0s/1m30s

running (0m51.0s), 40/40 VUs, 4711 complete and 0 interrupted iterations
default   [  57% ] 40 VUs  0m51.0s/1m30s

running (0m52.0s), 40/40 VUs, 4758 complete and 0 interrupted iterations
default   [  58% ] 40 VUs  0m52.0s/1m30s

running (0m53.0s), 40/40 VUs, 4805 complete and 0 interrupted iterations
default   [  59% ] 40 VUs  0m53.0s/1m30s

running (0m54.0s), 40/40 VUs, 4854 complete and 0 interrupted iterations
default   [  60% ] 40 VUs  0m54.0s/1m30s

running (0m55.0s), 40/40 VUs, 4904 complete and 0 interrupted iterations
default   [  61% ] 40 VUs  0m55.0s/1m30s

running (0m56.0s), 40/40 VUs, 4954 complete and 0 interrupted iterations
default   [  62% ] 40 VUs  0m56.0s/1m30s

running (0m57.0s), 40/40 VUs, 5006 complete and 0 interrupted iterations
default   [  63% ] 40 VUs  0m57.0s/1m30s

running (0m58.0s), 40/40 VUs, 5077 complete and 0 interrupted iterations
default   [  64% ] 40 VUs  0m58.0s/1m30s

running (0m59.0s), 40/40 VUs, 5176 complete and 0 interrupted iterations
default   [  66% ] 40 VUs  0m59.0s/1m30s

running (1m00.0s), 40/40 VUs, 5276 complete and 0 interrupted iterations
default   [  67% ] 40 VUs  1m00.0s/1m30s

running (1m01.0s), 40/40 VUs, 5375 complete and 0 interrupted iterations
default   [  68% ] 40 VUs  1m01.0s/1m30s

running (1m02.0s), 40/40 VUs, 5473 complete and 0 interrupted iterations
default   [  69% ] 40 VUs  1m02.0s/1m30s

running (1m03.0s), 40/40 VUs, 5571 complete and 0 interrupted iterations
default   [  70% ] 40 VUs  1m03.0s/1m30s

running (1m04.0s), 40/40 VUs, 5671 complete and 0 interrupted iterations
default   [  71% ] 40 VUs  1m04.0s/1m30s

running (1m05.0s), 40/40 VUs, 5771 complete and 0 interrupted iterations
default   [  72% ] 40 VUs  1m05.0s/1m30s

running (1m06.0s), 40/40 VUs, 5891 complete and 0 interrupted iterations
default   [  73% ] 40 VUs  1m06.0s/1m30s

running (1m07.0s), 40/40 VUs, 6041 complete and 0 interrupted iterations
default   [  74% ] 40 VUs  1m07.0s/1m30s

running (1m08.0s), 40/40 VUs, 6189 complete and 0 interrupted iterations
default   [  76% ] 40 VUs  1m08.0s/1m30s

running (1m09.0s), 40/40 VUs, 6328 complete and 0 interrupted iterations
default   [  77% ] 40 VUs  1m09.0s/1m30s

running (1m10.0s), 40/40 VUs, 6478 complete and 0 interrupted iterations
default   [  78% ] 40 VUs  1m10.0s/1m30s

running (1m11.0s), 40/40 VUs, 6628 complete and 0 interrupted iterations
default   [  79% ] 40 VUs  1m11.0s/1m30s

running (1m12.0s), 40/40 VUs, 6776 complete and 0 interrupted iterations
default   [  80% ] 40 VUs  1m12.0s/1m30s

running (1m13.0s), 40/40 VUs, 6914 complete and 0 interrupted iterations
default   [  81% ] 40 VUs  1m13.0s/1m30s

running (1m14.0s), 40/40 VUs, 6966 complete and 0 interrupted iterations
default   [  82% ] 40 VUs  1m14.0s/1m30s

running (1m15.0s), 40/40 VUs, 7016 complete and 0 interrupted iterations
default   [  83% ] 40 VUs  1m15.0s/1m30s

running (1m16.0s), 40/40 VUs, 7064 complete and 0 interrupted iterations
default   [  84% ] 40 VUs  1m16.0s/1m30s

running (1m17.0s), 40/40 VUs, 7111 complete and 0 interrupted iterations
default   [  86% ] 40 VUs  1m17.0s/1m30s

running (1m18.0s), 40/40 VUs, 7161 complete and 0 interrupted iterations
default   [  87% ] 40 VUs  1m18.0s/1m30s

running (1m19.0s), 40/40 VUs, 7209 complete and 0 interrupted iterations
default   [  88% ] 40 VUs  1m19.0s/1m30s

running (1m20.0s), 40/40 VUs, 7259 complete and 0 interrupted iterations
default   [  89% ] 40 VUs  1m20.0s/1m30s

running (1m21.0s), 40/40 VUs, 7310 complete and 0 interrupted iterations
default   [  90% ] 40 VUs  1m21.0s/1m30s

running (1m22.0s), 40/40 VUs, 7380 complete and 0 interrupted iterations
default   [  91% ] 40 VUs  1m22.0s/1m30s

running (1m23.0s), 40/40 VUs, 7480 complete and 0 interrupted iterations
default   [  92% ] 40 VUs  1m23.0s/1m30s

running (1m24.0s), 40/40 VUs, 7578 complete and 0 interrupted iterations
default   [  93% ] 40 VUs  1m24.0s/1m30s

running (1m25.0s), 40/40 VUs, 7677 complete and 0 interrupted iterations
default   [  94% ] 40 VUs  1m25.0s/1m30s

running (1m26.0s), 40/40 VUs, 7773 complete and 0 interrupted iterations
default   [  96% ] 40 VUs  1m26.0s/1m30s

running (1m27.0s), 40/40 VUs, 7873 complete and 0 interrupted iterations
default   [  97% ] 40 VUs  1m27.0s/1m30s

running (1m28.0s), 40/40 VUs, 7973 complete and 0 interrupted iterations
default   [  98% ] 40 VUs  1m28.0s/1m30s

running (1m29.0s), 40/40 VUs, 8074 complete and 0 interrupted iterations
default   [  99% ] 40 VUs  1m29.0s/1m30s

running (1m30.0s), 40/40 VUs, 8194 complete and 0 interrupted iterations
default   [ 100% ] 40 VUs  1m30.0s/1m30s

running (1m31.0s), 10/40 VUs, 8226 complete and 0 interrupted iterations
default ↓ [ 100% ] 40 VUs  1m30s

running (1m32.0s), 10/40 VUs, 8226 complete and 0 interrupted iterations
default ↓ [ 100% ] 40 VUs  1m30s

running (1m33.0s), 10/40 VUs, 8226 complete and 0 interrupted iterations
default ↓ [ 100% ] 40 VUs  1m30s

running (1m34.0s), 10/40 VUs, 8226 complete and 0 interrupted iterations
default ↓ [ 100% ] 40 VUs  1m30s

running (1m35.0s), 10/40 VUs, 8226 complete and 0 interrupted iterations
default ↓ [ 100% ] 40 VUs  1m30s

running (1m36.0s), 10/40 VUs, 8226 complete and 0 interrupted iterations
default ↓ [ 100% ] 40 VUs  1m30s

running (1m37.0s), 09/40 VUs, 8227 complete and 0 interrupted iterations
default ↓ [ 100% ] 40 VUs  1m30s

running (1m38.0s), 01/40 VUs, 8235 complete and 0 interrupted iterations
default ↓ [ 100% ] 40 VUs  1m30s


  █ TOTAL RESULTS 

    checks_total.......: 8236   84.038135/s
    checks_succeeded...: 6.44%  531 out of 8236
    checks_failed......: 93.55% 7705 out of 8236

    ✗ got a response
      ↳  6% — ✓ 531 / ✗ 7705

    HTTP
    http_req_duration..............: avg=245.48ms min=234.72µs med=870.66µs max=24.81s p(90)=2.82ms   p(95)=4.12ms  
      { expected_response:true }...: avg=16.68s   min=8s       med=16.94s   max=24.81s p(90)=24s      p(95)=24.76s  
    http_req_failed................: 98.54% 8116 out of 8236
    http_reqs......................: 8236   84.038135/s

    EXECUTION
    iteration_duration.............: avg=446.62ms min=200.53ms med=201.95ms max=25.01s p(90)=204.43ms p(95)=205.96ms
    iterations.....................: 8236   84.038135/s
    vus............................: 1      min=1            max=40
    vus_max........................: 40     min=40           max=40

    NETWORK
    data_received..................: 3.1 MB 31 kB/s
    data_sent......................: 1.2 MB 13 kB/s




running (1m38.0s), 00/40 VUs, 8236 complete and 0 interrupted iterations
default ✓ [ 100% ] 40 VUs  1m30s
